### L board
[Sidebar]                        | [*Main*]                                                         | [Chat]                                                          
size=L shell=board visible(sidebar=true,main=true,chat=true) widths=[32 64 64]
Status: snapshot | Size=L | Focus=main | ChatSession=none

### L chat
[Sidebar]                        | [*Main*]                                                         | [Chat]                                                          
size=L shell=chat visible(sidebar=true,main=true,chat=true) widths=[32 64 64]
Status: snapshot | Size=L | Focus=main | ChatSession=none

### L inbox
[Sidebar]                        | [*Main*]                                                         | [Chat]                                                          
size=L shell=inbox visible(sidebar=true,main=true,chat=true) widths=[32 64 64]
Status: snapshot | Size=L | Focus=main | ChatSession=none
