### L board
DEGRADED MODE: upstream dependency unavailable or stale. Recovery: verify connectivity and allow replay resync.
[Sidebar]                        | [*Main*]                                                         | [Chat]                                                          
size=L shell=board visible(sidebar=true,main=true,chat=true) widths=[32 64 64]
Status: snapshot | Realtime=disconnected | Size=L | Focus=main | ChatSession=none
Help: fallback commands: :focus sidebar|main|chat | :frank | :dashboard/:project/:task/:inbox | :send | :cancel-turn | :tour dismiss | :quit
Sidebar state: error | current=General / Frank unread=0
Main state: error | view=dashboard size=L tasks(todo=1,in_progress=1,done=0,blocked=0) inbox=2
Chat state: error | empty: type a prompt and press Enter

### L chat
DEGRADED MODE: upstream dependency unavailable or stale. Recovery: verify connectivity and allow replay resync.
[Sidebar]                        | [*Main*]                                                         | [Chat]                                                          
size=L shell=chat visible(sidebar=true,main=true,chat=true) widths=[32 64 64]
Status: snapshot | Realtime=disconnected | Size=L | Focus=main | ChatSession=none
Help: fallback commands: :focus sidebar|main|chat | :frank | :dashboard/:project/:task/:inbox | :send | :cancel-turn | :tour dismiss | :quit
Sidebar state: error | current=General / Frank unread=0
Main state: error | view=dashboard size=L tasks(todo=1,in_progress=1,done=0,blocked=0) inbox=2
Chat state: error | empty: type a prompt and press Enter

### L inbox
DEGRADED MODE: upstream dependency unavailable or stale. Recovery: verify connectivity and allow replay resync.
[Sidebar]                        | [*Main*]                                                         | [Chat]                                                          
size=L shell=inbox visible(sidebar=true,main=true,chat=true) widths=[32 64 64]
Status: snapshot | Realtime=disconnected | Size=L | Focus=main | ChatSession=none
Help: fallback commands: :focus sidebar|main|chat | :frank | :dashboard/:project/:task/:inbox | :send | :cancel-turn | :tour dismiss | :quit
Sidebar state: error | current=General / Frank unread=0
Main state: error | view=dashboard size=L tasks(todo=1,in_progress=1,done=0,blocked=0) inbox=2
Chat state: error | empty: type a prompt and press Enter
