### XS board
⚠ DEGRADED MODE: Connection lost — data may be stale. Reconnecting…
╭───────────────────────────────────────────────────────────────────╮
│ DASHBOARD                                                         │
│ ───────────────────────────────────────────────────────────────── │
│                                                                   │
│ Task Board                                                        │
│ TODO (0)            IN PROGRESS (0)     DONE (0)                  │
│ ──────────────────  ──────────────────  ──────────────────        │
│                                                                   │
│ ─────────────────────────── Activity ──────────────────────────── │
│   ✓ workspace initialized                                         │
│                                                                   │
│   r·refresh  ·  i·inbox  ·  :frank·chat                           │
│                                                                   │
│                                                                   │
│                                                                   │
│                                                                   │
│                                                                   │
│                                                                   │
╰───────────────────────────────────────────────────────────────────╯
 ○  disconnected  ·  Frank  ·  XS/dashboard  ·  snapshot  ·  Hidden  
 panes: sidebar hidden (1 or :focus sidebar); chat hidden (3 or      
 :focus chat)                                                        
Help: i inbox · n next unread · r refresh · : commands · ? help

### XS chat
⚠ DEGRADED MODE: Connection lost — data may be stale. Reconnecting…
╭───────────────────────────────────────────────────────────────────╮
│ DASHBOARD                                                         │
│ ───────────────────────────────────────────────────────────────── │
│                                                                   │
│ Task Board                                                        │
│ TODO (0)            IN PROGRESS (0)     DONE (0)                  │
│ ──────────────────  ──────────────────  ──────────────────        │
│                                                                   │
│ ─────────────────────────── Activity ──────────────────────────── │
│   ✓ workspace initialized                                         │
│                                                                   │
│   r·refresh  ·  i·inbox  ·  :frank·chat                           │
│                                                                   │
│                                                                   │
│                                                                   │
│                                                                   │
│                                                                   │
│                                                                   │
╰───────────────────────────────────────────────────────────────────╯
 ○  disconnected  ·  Frank  ·  XS/dashboard  ·  snapshot  ·  Hidden  
 panes: sidebar hidden (1 or :focus sidebar); chat hidden (3 or      
 :focus chat)                                                        
Help: i inbox · n next unread · r refresh · : commands · ? help

### XS inbox
⚠ DEGRADED MODE: Connection lost — data may be stale. Reconnecting…
╭───────────────────────────────────────────────────────────────────╮
│ DASHBOARD                                                         │
│ ───────────────────────────────────────────────────────────────── │
│                                                                   │
│ Task Board                                                        │
│ TODO (0)            IN PROGRESS (0)     DONE (0)                  │
│ ──────────────────  ──────────────────  ──────────────────        │
│                                                                   │
│ ─────────────────────────── Activity ──────────────────────────── │
│   ✓ workspace initialized                                         │
│                                                                   │
│   r·refresh  ·  i·inbox  ·  :frank·chat                           │
│                                                                   │
│                                                                   │
│                                                                   │
│                                                                   │
│                                                                   │
│                                                                   │
╰───────────────────────────────────────────────────────────────────╯
 ○  disconnected  ·  Frank  ·  XS/dashboard  ·  snapshot  ·  Hidden  
 panes: sidebar hidden (1 or :focus sidebar); chat hidden (3 or      
 :focus chat)                                                        
Help: i inbox · n next unread · r refresh · : commands · ? help
