### XS board
⚠ DEGRADED MODE: upstream dependency unavailable or stale. Recover…
╭───────────────────────────────────────────────────────────────────╮
│ DASHBOARD                                                         │
│ ───────────────────────────────────────────────────────────────── │
│                                                                   │
│ Task Board                                                        │
│ TODO (0)            IN PROGRESS (0)     DONE (0)                  │
│ ──────────────────  ──────────────────  ──────────────────        │
│                                                                   │
│ ─────────────────────────── Activity ──────────────────────────── │
│   ✓ workspace booted                                              │
│                                                                   │
│                                                                   │
│                                                                   │
│                                                                   │
│                                                                   │
│                                                                   │
│                                                                   │
│                                                                   │
╰───────────────────────────────────────────────────────────────────╯
 ○  disconnected  ·  Frank  ·  XS/dashboard  ·  snapshot  ·  Hidden  
 panes: sidebar hidden (1 or :focus sidebar); chat hidden (3 or      
 :focus chat)                                                        
Help: j/k navigate · Enter open task · s toggle sidebar · : commands · ? help

### XS chat
⚠ DEGRADED MODE: upstream dependency unavailable or stale. Recover…
╭───────────────────────────────────────────────────────────────────╮
│ DASHBOARD                                                         │
│ ───────────────────────────────────────────────────────────────── │
│                                                                   │
│ Task Board                                                        │
│ TODO (0)            IN PROGRESS (0)     DONE (0)                  │
│ ──────────────────  ──────────────────  ──────────────────        │
│                                                                   │
│ ─────────────────────────── Activity ──────────────────────────── │
│   ✓ workspace booted                                              │
│                                                                   │
│                                                                   │
│                                                                   │
│                                                                   │
│                                                                   │
│                                                                   │
│                                                                   │
│                                                                   │
╰───────────────────────────────────────────────────────────────────╯
 ○  disconnected  ·  Frank  ·  XS/dashboard  ·  snapshot  ·  Hidden  
 panes: sidebar hidden (1 or :focus sidebar); chat hidden (3 or      
 :focus chat)                                                        
Help: j/k navigate · Enter open task · s toggle sidebar · : commands · ? help

### XS inbox
⚠ DEGRADED MODE: upstream dependency unavailable or stale. Recover…
╭───────────────────────────────────────────────────────────────────╮
│ DASHBOARD                                                         │
│ ───────────────────────────────────────────────────────────────── │
│                                                                   │
│ Task Board                                                        │
│ TODO (0)            IN PROGRESS (0)     DONE (0)                  │
│ ──────────────────  ──────────────────  ──────────────────        │
│                                                                   │
│ ─────────────────────────── Activity ──────────────────────────── │
│   ✓ workspace booted                                              │
│                                                                   │
│                                                                   │
│                                                                   │
│                                                                   │
│                                                                   │
│                                                                   │
│                                                                   │
│                                                                   │
╰───────────────────────────────────────────────────────────────────╯
 ○  disconnected  ·  Frank  ·  XS/dashboard  ·  snapshot  ·  Hidden  
 panes: sidebar hidden (1 or :focus sidebar); chat hidden (3 or      
 :focus chat)                                                        
Help: j/k navigate · Enter open task · s toggle sidebar · : commands · ? help
