### XL board
⚠ DEGRADED MODE: upstream dependency unavailable or stale. Recovery: verify connectivity and allow replay resync.
╭─────────────────────────────────────╮╭────────────────────────────────────────────────────────────────────────────────────────────────────────────╮╭─────────────────────────────────────────────────────────────────────╮
│ INBOX                               ││ DASHBOARD                                                                                                  ││ General / Frank  ·  [task] [project] [org]                          │
│ ─────────────────────────────────   ││ ────────────────────────────────────────────────────────────────────────────────────────────────────────── ││ ─────────────────────────────────────────────────────────────────── │
│ ▾ CHATS                             ││                                                                                                            ││                                                                     │
│   Frank / General                   ││ Task Board                                                                                                 ││                           no messages yet                           │
│ ─────────────────────────────────   ││ TODO (0)                          IN PROGRESS (0)                   DONE (0)                               ││                     Tab·focus chat  Enter·send                      │
│ ▾ PROJECTS                          ││ ────────────────────────────────  ────────────────────────────────  ────────────────────────────────       ││                                                                     │
│                                     ││                                                                                                            ││ ╭───────────────────────────────────────────────────────────────╮   │
│                                     ││ ──────────────────────────────────────────────── Activity ──────────────────────────────────────────────── ││ │ type a message...                                             │   │
│                                     ││   ✓ workspace booted                                                                                       ││ ╰───────────────────────────────────────────────────────────────╯   │
│                                     ││                                                                                                            ││                                                                     │
│                                     ││                                                                                                            ││                                                                     │
│                                     ││                                                                                                            ││                                                                     │
│                                     ││                                                                                                            ││                                                                     │
│                                     ││                                                                                                            ││                                                                     │
│                                     ││                                                                                                            ││                                                                     │
│                                     ││                                                                                                            ││                                                                     │
│                                     ││                                                                                                            ││                                                                     │
│                                     ││                                                                                                            ││                                                                     │
│                                     ││                                                                                                            ││                                                                     │
│                                     ││                                                                                                            ││                                                                     │
│                                     ││                                                                                                            ││                                                                     │
│                                     ││                                                                                                            ││                                                                     │
│                                     ││                                                                                                            ││                                                                     │
│                                     ││                                                                                                            ││                                                                     │
│                                     ││                                                                                                            ││                                                                     │
│                                     ││                                                                                                            ││                                                                     │
│                                     ││                                                                                                            ││                                                                     │
│                                     ││                                                                                                            ││                                                                     │
│                                     ││                                                                                                            ││                                                                     │
│                                     ││                                                                                                            ││                                                                     │
│                                     ││                                                                                                            ││                                                                     │
│                                     ││                                                                                                            ││                                                                     │
│                                     ││                                                                                                            ││                                                                     │
│                                     ││                                                                                                            ││                                                                     │
│                                     ││                                                                                                            ││                                                                     │
╰─────────────────────────────────────╯╰────────────────────────────────────────────────────────────────────────────────────────────────────────────╯╰─────────────────────────────────────────────────────────────────────╯
 ○  disconnected  ·  Frank  ·  XL/main  ·  snapshot                                                                                                                                                                         
Help: j/k navigate · Enter open task · s toggle sidebar · : commands · ? help

### XL chat
⚠ DEGRADED MODE: upstream dependency unavailable or stale. Recovery: verify connectivity and allow replay resync.
╭─────────────────────────────────────╮╭────────────────────────────────────────────────────────────────────────────────────────────────────────────╮╭─────────────────────────────────────────────────────────────────────╮
│ INBOX                               ││ DASHBOARD                                                                                                  ││ General / Frank  ·  [task] [project] [org]                          │
│ ─────────────────────────────────   ││ ────────────────────────────────────────────────────────────────────────────────────────────────────────── ││ ─────────────────────────────────────────────────────────────────── │
│ ▾ CHATS                             ││                                                                                                            ││                                                                     │
│   Frank / General                   ││ Task Board                                                                                                 ││                           no messages yet                           │
│ ─────────────────────────────────   ││ TODO (0)                          IN PROGRESS (0)                   DONE (0)                               ││                     Tab·focus chat  Enter·send                      │
│ ▾ PROJECTS                          ││ ────────────────────────────────  ────────────────────────────────  ────────────────────────────────       ││                                                                     │
│                                     ││                                                                                                            ││ ╭───────────────────────────────────────────────────────────────╮   │
│                                     ││ ──────────────────────────────────────────────── Activity ──────────────────────────────────────────────── ││ │ type a message...                                             │   │
│                                     ││   ✓ workspace booted                                                                                       ││ ╰───────────────────────────────────────────────────────────────╯   │
│                                     ││                                                                                                            ││                                                                     │
│                                     ││                                                                                                            ││                                                                     │
│                                     ││                                                                                                            ││                                                                     │
│                                     ││                                                                                                            ││                                                                     │
│                                     ││                                                                                                            ││                                                                     │
│                                     ││                                                                                                            ││                                                                     │
│                                     ││                                                                                                            ││                                                                     │
│                                     ││                                                                                                            ││                                                                     │
│                                     ││                                                                                                            ││                                                                     │
│                                     ││                                                                                                            ││                                                                     │
│                                     ││                                                                                                            ││                                                                     │
│                                     ││                                                                                                            ││                                                                     │
│                                     ││                                                                                                            ││                                                                     │
│                                     ││                                                                                                            ││                                                                     │
│                                     ││                                                                                                            ││                                                                     │
│                                     ││                                                                                                            ││                                                                     │
│                                     ││                                                                                                            ││                                                                     │
│                                     ││                                                                                                            ││                                                                     │
│                                     ││                                                                                                            ││                                                                     │
│                                     ││                                                                                                            ││                                                                     │
│                                     ││                                                                                                            ││                                                                     │
│                                     ││                                                                                                            ││                                                                     │
│                                     ││                                                                                                            ││                                                                     │
│                                     ││                                                                                                            ││                                                                     │
│                                     ││                                                                                                            ││                                                                     │
│                                     ││                                                                                                            ││                                                                     │
╰─────────────────────────────────────╯╰────────────────────────────────────────────────────────────────────────────────────────────────────────────╯╰─────────────────────────────────────────────────────────────────────╯
 ○  disconnected  ·  Frank  ·  XL/main  ·  snapshot                                                                                                                                                                         
Help: j/k navigate · Enter open task · s toggle sidebar · : commands · ? help

### XL inbox
⚠ DEGRADED MODE: upstream dependency unavailable or stale. Recovery: verify connectivity and allow replay resync.
╭─────────────────────────────────────╮╭────────────────────────────────────────────────────────────────────────────────────────────────────────────╮╭─────────────────────────────────────────────────────────────────────╮
│ INBOX                               ││ DASHBOARD                                                                                                  ││ General / Frank  ·  [task] [project] [org]                          │
│ ─────────────────────────────────   ││ ────────────────────────────────────────────────────────────────────────────────────────────────────────── ││ ─────────────────────────────────────────────────────────────────── │
│ ▾ CHATS                             ││                                                                                                            ││                                                                     │
│   Frank / General                   ││ Task Board                                                                                                 ││                           no messages yet                           │
│ ─────────────────────────────────   ││ TODO (0)                          IN PROGRESS (0)                   DONE (0)                               ││                     Tab·focus chat  Enter·send                      │
│ ▾ PROJECTS                          ││ ────────────────────────────────  ────────────────────────────────  ────────────────────────────────       ││                                                                     │
│                                     ││                                                                                                            ││ ╭───────────────────────────────────────────────────────────────╮   │
│                                     ││ ──────────────────────────────────────────────── Activity ──────────────────────────────────────────────── ││ │ type a message...                                             │   │
│                                     ││   ✓ workspace booted                                                                                       ││ ╰───────────────────────────────────────────────────────────────╯   │
│                                     ││                                                                                                            ││                                                                     │
│                                     ││                                                                                                            ││                                                                     │
│                                     ││                                                                                                            ││                                                                     │
│                                     ││                                                                                                            ││                                                                     │
│                                     ││                                                                                                            ││                                                                     │
│                                     ││                                                                                                            ││                                                                     │
│                                     ││                                                                                                            ││                                                                     │
│                                     ││                                                                                                            ││                                                                     │
│                                     ││                                                                                                            ││                                                                     │
│                                     ││                                                                                                            ││                                                                     │
│                                     ││                                                                                                            ││                                                                     │
│                                     ││                                                                                                            ││                                                                     │
│                                     ││                                                                                                            ││                                                                     │
│                                     ││                                                                                                            ││                                                                     │
│                                     ││                                                                                                            ││                                                                     │
│                                     ││                                                                                                            ││                                                                     │
│                                     ││                                                                                                            ││                                                                     │
│                                     ││                                                                                                            ││                                                                     │
│                                     ││                                                                                                            ││                                                                     │
│                                     ││                                                                                                            ││                                                                     │
│                                     ││                                                                                                            ││                                                                     │
│                                     ││                                                                                                            ││                                                                     │
│                                     ││                                                                                                            ││                                                                     │
│                                     ││                                                                                                            ││                                                                     │
│                                     ││                                                                                                            ││                                                                     │
│                                     ││                                                                                                            ││                                                                     │
╰─────────────────────────────────────╯╰────────────────────────────────────────────────────────────────────────────────────────────────────────────╯╰─────────────────────────────────────────────────────────────────────╯
 ○  disconnected  ·  Frank  ·  XL/main  ·  snapshot                                                                                                                                                                         
Help: j/k navigate · Enter open task · s toggle sidebar · : commands · ? help
