### S board
⚠ DEGRADED MODE: Connection lost — data may be stale. Reconnecting automatically.
╭────────────────────────────────────────────────────╮╭──────────────────────────────────╮
│ DASHBOARD                                          ││ General / Frank  ·  [t] [p] [o]  │
│ ────────────────────────────────────────────────── ││ ──────────────────────────────── │
│                                                    ││                                  │
│ Task Board                                         ││         no messages yet          │
│ TODO (0)       IN PROGRE… (0) DONE (0)             ││  Enter·send a message to Frank   │
│ ─────────────  ─────────────  ─────────────        ││                                  │
│                                                    ││ ╭────────────────────────────╮   │
│ ──────────────────── Activity ──────────────────── ││ │ type a message...          │   │
│   ✓ workspace initialized                          ││ ╰────────────────────────────╯   │
│                                                    ││                                  │
│                                                    ││                                  │
│                                                    ││                                  │
│                                                    ││                                  │
│                                                    ││                                  │
│                                                    ││                                  │
│                                                    ││                                  │
│                                                    ││                                  │
│                                                    ││                                  │
│                                                    ││                                  │
│                                                    ││                                  │
│                                                    ││                                  │
│                                                    ││                                  │
│                                                    ││                                  │
│                                                    ││                                  │
│                                                    ││                                  │
╰────────────────────────────────────────────────────╯╰──────────────────────────────────╯
 ○  disconnected  ·  Frank  ·  S/dashboard  ·  snapshot  ·  Hidden panes: sidebar hidden  
 (1 or :focus sidebar)                                                                    
Help: i inbox · n next unread · r refresh · : commands · ? help

### S chat
⚠ DEGRADED MODE: Connection lost — data may be stale. Reconnecting automatically.
╭────────────────────────────────────────────────────╮╭──────────────────────────────────╮
│ DASHBOARD                                          ││ General / Frank  ·  [t] [p] [o]  │
│ ────────────────────────────────────────────────── ││ ──────────────────────────────── │
│                                                    ││                                  │
│ Task Board                                         ││         no messages yet          │
│ TODO (0)       IN PROGRE… (0) DONE (0)             ││  Enter·send a message to Frank   │
│ ─────────────  ─────────────  ─────────────        ││                                  │
│                                                    ││ ╭────────────────────────────╮   │
│ ──────────────────── Activity ──────────────────── ││ │ type a message...          │   │
│   ✓ workspace initialized                          ││ ╰────────────────────────────╯   │
│                                                    ││                                  │
│                                                    ││                                  │
│                                                    ││                                  │
│                                                    ││                                  │
│                                                    ││                                  │
│                                                    ││                                  │
│                                                    ││                                  │
│                                                    ││                                  │
│                                                    ││                                  │
│                                                    ││                                  │
│                                                    ││                                  │
│                                                    ││                                  │
│                                                    ││                                  │
│                                                    ││                                  │
│                                                    ││                                  │
│                                                    ││                                  │
╰────────────────────────────────────────────────────╯╰──────────────────────────────────╯
 ○  disconnected  ·  Frank  ·  S/dashboard  ·  snapshot  ·  Hidden panes: sidebar hidden  
 (1 or :focus sidebar)                                                                    
Help: i inbox · n next unread · r refresh · : commands · ? help

### S inbox
⚠ DEGRADED MODE: Connection lost — data may be stale. Reconnecting automatically.
╭────────────────────────────────────────────────────╮╭──────────────────────────────────╮
│ DASHBOARD                                          ││ General / Frank  ·  [t] [p] [o]  │
│ ────────────────────────────────────────────────── ││ ──────────────────────────────── │
│                                                    ││                                  │
│ Task Board                                         ││         no messages yet          │
│ TODO (0)       IN PROGRE… (0) DONE (0)             ││  Enter·send a message to Frank   │
│ ─────────────  ─────────────  ─────────────        ││                                  │
│                                                    ││ ╭────────────────────────────╮   │
│ ──────────────────── Activity ──────────────────── ││ │ type a message...          │   │
│   ✓ workspace initialized                          ││ ╰────────────────────────────╯   │
│                                                    ││                                  │
│                                                    ││                                  │
│                                                    ││                                  │
│                                                    ││                                  │
│                                                    ││                                  │
│                                                    ││                                  │
│                                                    ││                                  │
│                                                    ││                                  │
│                                                    ││                                  │
│                                                    ││                                  │
│                                                    ││                                  │
│                                                    ││                                  │
│                                                    ││                                  │
│                                                    ││                                  │
│                                                    ││                                  │
│                                                    ││                                  │
╰────────────────────────────────────────────────────╯╰──────────────────────────────────╯
 ○  disconnected  ·  Frank  ·  S/dashboard  ·  snapshot  ·  Hidden panes: sidebar hidden  
 (1 or :focus sidebar)                                                                    
Help: i inbox · n next unread · r refresh · : commands · ? help

### S board-sidebar-focus
⚠ DEGRADED MODE: Connection lost — data may be stale. Reconnecting automatically.
╭──────────────────────────────╮╭────────────────────────────────────────────────────────╮
│ INBOX                        ││ General / Frank  ·  [task] [project] [org]             │
│ ──────────────────────────   ││ ────────────────────────────────────────────────────── │
│ ▾ CHATS                      ││                                                        │
│   Frank / General ✓          ││                    no messages yet                     │
│ ──────────────────────────   ││             Enter·send a message to Frank              │
│ ▾ PROJECTS                   ││                                                        │
│                              ││ ╭──────────────────────────────────────────────────╮   │
│                              ││ │ type a message...                                │   │
│                              ││ ╰──────────────────────────────────────────────────╯   │
│                              ││                                                        │
│                              ││                                                        │
│                              ││                                                        │
│                              ││                                                        │
│                              ││                                                        │
│                              ││                                                        │
│                              ││                                                        │
│                              ││                                                        │
│                              ││                                                        │
│                              ││                                                        │
│                              ││                                                        │
│                              ││                                                        │
│                              ││                                                        │
│                              ││                                                        │
│                              ││                                                        │
│                              ││                                                        │
╰──────────────────────────────╯╰────────────────────────────────────────────────────────╯
 ○  disconnected  ·  Frank  ·  S/sidebar  ·  snapshot  ·  Hidden panes: main hidden (2 or 
 :focus main)                                                                             
Help: j/k navigate · Space expand · Enter select · n next unread · i inbox · d dashboard · r refresh · / search · ? help
