### S board
⚠ DEGRADED MODE: upstream dependency unavailable or stale. Recovery: verify connectivit…
╭──────────────────────────────────────────────────╮╭────────────────────────────────────╮
│ DASHBOARD                                        ││ General / Frank  ·  org            │
│ ──────────────────────────────────────────────── ││ ────────────────────────────────── │
│                                                  ││                                    │
│ Task Board                                       ││          no messages yet           │
│ TODO (1)       IN PROGRESS    DONE (0)           ││     Tab·focus chat  Enter·send     │
│ ─────────────  (1)            ─────────────      ││                                    │
│                ─────────────                     ││ ╭──────────────────────────────╮   │
│   Launch docs   CI hardening                     ││ │ type a message...            │   │
│                                                  ││ ╰──────────────────────────────╯   │
│ ─────────────────── Inbox  2 ─────────────────── ││                                    │
│ ▸ Approve launch checklist                       ││                                    │
│ ▸ Review flaky test quarantine                   ││                                    │
│                                                  ││                                    │
│ ─────────────────── Activity ─────────────────── ││                                    │
│   ✓ workspace booted                             ││                                    │
│                                                  ││                                    │
│                                                  ││                                    │
│                                                  ││                                    │
│                                                  ││                                    │
│                                                  ││                                    │
│                                                  ││                                    │
│                                                  ││                                    │
│                                                  ││                                    │
│                                                  ││                                    │
│                                                  ││                                    │
│                                                  │╰────────────────────────────────────╯
│                                                  │                                      
╰──────────────────────────────────────────────────╯                                      
 ○  disconnected  ·  Frank  ·  S/main  ·  snapshot  ·  Hidden panes: sidebar hidden (1 or :focus sidebar) 
Help: j/k navigate · Enter open task · : commands · ? help

### S chat
⚠ DEGRADED MODE: upstream dependency unavailable or stale. Recovery: verify connectivit…
╭──────────────────────────────────────────────────╮╭────────────────────────────────────╮
│ DASHBOARD                                        ││ General / Frank  ·  org            │
│ ──────────────────────────────────────────────── ││ ────────────────────────────────── │
│                                                  ││                                    │
│ Task Board                                       ││          no messages yet           │
│ TODO (1)       IN PROGRESS    DONE (0)           ││     Tab·focus chat  Enter·send     │
│ ─────────────  (1)            ─────────────      ││                                    │
│                ─────────────                     ││ ╭──────────────────────────────╮   │
│   Launch docs   CI hardening                     ││ │ type a message...            │   │
│                                                  ││ ╰──────────────────────────────╯   │
│ ─────────────────── Inbox  2 ─────────────────── ││                                    │
│ ▸ Approve launch checklist                       ││                                    │
│ ▸ Review flaky test quarantine                   ││                                    │
│                                                  ││                                    │
│ ─────────────────── Activity ─────────────────── ││                                    │
│   ✓ workspace booted                             ││                                    │
│                                                  ││                                    │
│                                                  ││                                    │
│                                                  ││                                    │
│                                                  ││                                    │
│                                                  ││                                    │
│                                                  ││                                    │
│                                                  ││                                    │
│                                                  ││                                    │
│                                                  ││                                    │
│                                                  ││                                    │
│                                                  │╰────────────────────────────────────╯
│                                                  │                                      
╰──────────────────────────────────────────────────╯                                      
 ○  disconnected  ·  Frank  ·  S/main  ·  snapshot  ·  Hidden panes: sidebar hidden (1 or :focus sidebar) 
Help: j/k navigate · Enter open task · : commands · ? help

### S inbox
⚠ DEGRADED MODE: upstream dependency unavailable or stale. Recovery: verify connectivit…
╭──────────────────────────────────────────────────╮╭────────────────────────────────────╮
│ DASHBOARD                                        ││ General / Frank  ·  org            │
│ ──────────────────────────────────────────────── ││ ────────────────────────────────── │
│                                                  ││                                    │
│ Task Board                                       ││          no messages yet           │
│ TODO (1)       IN PROGRESS    DONE (0)           ││     Tab·focus chat  Enter·send     │
│ ─────────────  (1)            ─────────────      ││                                    │
│                ─────────────                     ││ ╭──────────────────────────────╮   │
│   Launch docs   CI hardening                     ││ │ type a message...            │   │
│                                                  ││ ╰──────────────────────────────╯   │
│ ─────────────────── Inbox  2 ─────────────────── ││                                    │
│ ▸ Approve launch checklist                       ││                                    │
│ ▸ Review flaky test quarantine                   ││                                    │
│                                                  ││                                    │
│ ─────────────────── Activity ─────────────────── ││                                    │
│   ✓ workspace booted                             ││                                    │
│                                                  ││                                    │
│                                                  ││                                    │
│                                                  ││                                    │
│                                                  ││                                    │
│                                                  ││                                    │
│                                                  ││                                    │
│                                                  ││                                    │
│                                                  ││                                    │
│                                                  ││                                    │
│                                                  ││                                    │
│                                                  │╰────────────────────────────────────╯
│                                                  │                                      
╰──────────────────────────────────────────────────╯                                      
 ○  disconnected  ·  Frank  ·  S/main  ·  snapshot  ·  Hidden panes: sidebar hidden (1 or :focus sidebar) 
Help: j/k navigate · Enter open task · : commands · ? help
