### M board
⚠ DEGRADED MODE: upstream dependency unavailable or stale. Recovery: verify connectivity and allow replay resync.
╭───────────────────╮╭──────────────────────────────────────────────────────────╮╭─────────────────────────────────────╮
│ INBOX             ││ DASHBOARD                                                ││ General…  ·  [task] [project] [org] │
│ ───────────────   ││ ──────────────────────────────────────────────────────── ││ ─────────────────────────────────── │
│ ▾ CHATS           ││                                                          ││                                     │
│   Frank / Ge… ✓   ││ Task Board                                               ││           no messages yet           │
│ ───────────────   ││ TODO (0)         IN PROGRESS (0)  DONE (0)               ││     Tab·focus chat  Enter·send      │
│ ▾ PROJECTS        ││ ───────────────  ───────────────  ───────────────        ││                                     │
│                   ││                                                          ││ ╭───────────────────────────────╮   │
│                   ││ ─────────────────────── Activity ─────────────────────── ││ │ type a message...             │   │
│                   ││   ✓ workspace initialized                                ││ ╰───────────────────────────────╯   │
│                   ││                                                          ││                                     │
│                   ││                                                          ││                                     │
│                   ││                                                          ││                                     │
│                   ││                                                          ││                                     │
│                   ││                                                          ││                                     │
│                   ││                                                          ││                                     │
│                   ││                                                          ││                                     │
│                   ││                                                          ││                                     │
│                   ││                                                          ││                                     │
│                   ││                                                          ││                                     │
│                   ││                                                          ││                                     │
│                   ││                                                          ││                                     │
│                   ││                                                          ││                                     │
│                   ││                                                          ││                                     │
│                   ││                                                          ││                                     │
│                   ││                                                          ││                                     │
╰───────────────────╯╰──────────────────────────────────────────────────────────╯╰─────────────────────────────────────╯
 ○  disconnected  ·  Frank  ·  M/dashboard  ·  snapshot                                                                 
Help: r refresh · s toggle sidebar · / filter · : commands · ? help

### M chat
⚠ DEGRADED MODE: upstream dependency unavailable or stale. Recovery: verify connectivity and allow replay resync.
╭───────────────────╮╭──────────────────────────────────────────────────────────╮╭─────────────────────────────────────╮
│ INBOX             ││ DASHBOARD                                                ││ General…  ·  [task] [project] [org] │
│ ───────────────   ││ ──────────────────────────────────────────────────────── ││ ─────────────────────────────────── │
│ ▾ CHATS           ││                                                          ││                                     │
│   Frank / Ge… ✓   ││ Task Board                                               ││           no messages yet           │
│ ───────────────   ││ TODO (0)         IN PROGRESS (0)  DONE (0)               ││     Tab·focus chat  Enter·send      │
│ ▾ PROJECTS        ││ ───────────────  ───────────────  ───────────────        ││                                     │
│                   ││                                                          ││ ╭───────────────────────────────╮   │
│                   ││ ─────────────────────── Activity ─────────────────────── ││ │ type a message...             │   │
│                   ││   ✓ workspace initialized                                ││ ╰───────────────────────────────╯   │
│                   ││                                                          ││                                     │
│                   ││                                                          ││                                     │
│                   ││                                                          ││                                     │
│                   ││                                                          ││                                     │
│                   ││                                                          ││                                     │
│                   ││                                                          ││                                     │
│                   ││                                                          ││                                     │
│                   ││                                                          ││                                     │
│                   ││                                                          ││                                     │
│                   ││                                                          ││                                     │
│                   ││                                                          ││                                     │
│                   ││                                                          ││                                     │
│                   ││                                                          ││                                     │
│                   ││                                                          ││                                     │
│                   ││                                                          ││                                     │
│                   ││                                                          ││                                     │
╰───────────────────╯╰──────────────────────────────────────────────────────────╯╰─────────────────────────────────────╯
 ○  disconnected  ·  Frank  ·  M/dashboard  ·  snapshot                                                                 
Help: r refresh · s toggle sidebar · / filter · : commands · ? help

### M inbox
⚠ DEGRADED MODE: upstream dependency unavailable or stale. Recovery: verify connectivity and allow replay resync.
╭───────────────────╮╭──────────────────────────────────────────────────────────╮╭─────────────────────────────────────╮
│ INBOX             ││ DASHBOARD                                                ││ General…  ·  [task] [project] [org] │
│ ───────────────   ││ ──────────────────────────────────────────────────────── ││ ─────────────────────────────────── │
│ ▾ CHATS           ││                                                          ││                                     │
│   Frank / Ge… ✓   ││ Task Board                                               ││           no messages yet           │
│ ───────────────   ││ TODO (0)         IN PROGRESS (0)  DONE (0)               ││     Tab·focus chat  Enter·send      │
│ ▾ PROJECTS        ││ ───────────────  ───────────────  ───────────────        ││                                     │
│                   ││                                                          ││ ╭───────────────────────────────╮   │
│                   ││ ─────────────────────── Activity ─────────────────────── ││ │ type a message...             │   │
│                   ││   ✓ workspace initialized                                ││ ╰───────────────────────────────╯   │
│                   ││                                                          ││                                     │
│                   ││                                                          ││                                     │
│                   ││                                                          ││                                     │
│                   ││                                                          ││                                     │
│                   ││                                                          ││                                     │
│                   ││                                                          ││                                     │
│                   ││                                                          ││                                     │
│                   ││                                                          ││                                     │
│                   ││                                                          ││                                     │
│                   ││                                                          ││                                     │
│                   ││                                                          ││                                     │
│                   ││                                                          ││                                     │
│                   ││                                                          ││                                     │
│                   ││                                                          ││                                     │
│                   ││                                                          ││                                     │
│                   ││                                                          ││                                     │
╰───────────────────╯╰──────────────────────────────────────────────────────────╯╰─────────────────────────────────────╯
 ○  disconnected  ·  Frank  ·  M/dashboard  ·  snapshot                                                                 
Help: r refresh · s toggle sidebar · / filter · : commands · ? help
