### M board
⚠ DEGRADED MODE: upstream dependency unavailable or stale. Recovery: verify connectivity and allow replay resync.
╭──────────────────────────────────────────────────────────────────────╮╭──────────────────────────────────────────────╮
│ DASHBOARD                                                            ││ General / Frank  ·  org                      │
│ ──────────────────────────────────────────────────────────────────── ││ ──────────────────────────────────────────── │
│                                                                      ││                                              │
│ Task Board                                                           ││               no messages yet                │
│ TODO (1)             IN PROGRESS (1)      DONE (0)                   ││          Tab·focus chat  Enter·send          │
│ ───────────────────  ───────────────────  ───────────────────        ││                                              │
│   Launch docs         CI hardening                                   ││ ╭────────────────────────────────────────╮   │
│                                                                      ││ │ type a message...                      │   │
│ ───────────────────────────── Inbox  2 ───────────────────────────── ││ ╰────────────────────────────────────────╯   │
│ ▸ Approve launch checklist                                           ││                                              │
│ ▸ Review flaky test quarantine                                       ││                                              │
│                                                                      ││                                              │
│ ───────────────────────────── Activity ───────────────────────────── ││                                              │
│   ✓ workspace booted                                                 ││                                              │
│                                                                      ││                                              │
│                                                                      ││                                              │
│                                                                      ││                                              │
│                                                                      ││                                              │
│                                                                      ││                                              │
│                                                                      ││                                              │
│                                                                      ││                                              │
│                                                                      ││                                              │
│                                                                      ││                                              │
│                                                                      ││                                              │
│                                                                      ││                                              │
╰──────────────────────────────────────────────────────────────────────╯╰──────────────────────────────────────────────╯
 ○  disconnected  ·  Frank  ·  M/main  ·  snapshot  ·  Hidden panes: sidebar hidden (1 or :focus sidebar) 
Help: j/k navigate · Enter open task · : commands · ? help

### M chat
⚠ DEGRADED MODE: upstream dependency unavailable or stale. Recovery: verify connectivity and allow replay resync.
╭──────────────────────────────────────────────────────────────────────╮╭──────────────────────────────────────────────╮
│ DASHBOARD                                                            ││ General / Frank  ·  org                      │
│ ──────────────────────────────────────────────────────────────────── ││ ──────────────────────────────────────────── │
│                                                                      ││                                              │
│ Task Board                                                           ││               no messages yet                │
│ TODO (1)             IN PROGRESS (1)      DONE (0)                   ││          Tab·focus chat  Enter·send          │
│ ───────────────────  ───────────────────  ───────────────────        ││                                              │
│   Launch docs         CI hardening                                   ││ ╭────────────────────────────────────────╮   │
│                                                                      ││ │ type a message...                      │   │
│ ───────────────────────────── Inbox  2 ───────────────────────────── ││ ╰────────────────────────────────────────╯   │
│ ▸ Approve launch checklist                                           ││                                              │
│ ▸ Review flaky test quarantine                                       ││                                              │
│                                                                      ││                                              │
│ ───────────────────────────── Activity ───────────────────────────── ││                                              │
│   ✓ workspace booted                                                 ││                                              │
│                                                                      ││                                              │
│                                                                      ││                                              │
│                                                                      ││                                              │
│                                                                      ││                                              │
│                                                                      ││                                              │
│                                                                      ││                                              │
│                                                                      ││                                              │
│                                                                      ││                                              │
│                                                                      ││                                              │
│                                                                      ││                                              │
│                                                                      ││                                              │
╰──────────────────────────────────────────────────────────────────────╯╰──────────────────────────────────────────────╯
 ○  disconnected  ·  Frank  ·  M/main  ·  snapshot  ·  Hidden panes: sidebar hidden (1 or :focus sidebar) 
Help: j/k navigate · Enter open task · : commands · ? help

### M inbox
⚠ DEGRADED MODE: upstream dependency unavailable or stale. Recovery: verify connectivity and allow replay resync.
╭──────────────────────────────────────────────────────────────────────╮╭──────────────────────────────────────────────╮
│ DASHBOARD                                                            ││ General / Frank  ·  org                      │
│ ──────────────────────────────────────────────────────────────────── ││ ──────────────────────────────────────────── │
│                                                                      ││                                              │
│ Task Board                                                           ││               no messages yet                │
│ TODO (1)             IN PROGRESS (1)      DONE (0)                   ││          Tab·focus chat  Enter·send          │
│ ───────────────────  ───────────────────  ───────────────────        ││                                              │
│   Launch docs         CI hardening                                   ││ ╭────────────────────────────────────────╮   │
│                                                                      ││ │ type a message...                      │   │
│ ───────────────────────────── Inbox  2 ───────────────────────────── ││ ╰────────────────────────────────────────╯   │
│ ▸ Approve launch checklist                                           ││                                              │
│ ▸ Review flaky test quarantine                                       ││                                              │
│                                                                      ││                                              │
│ ───────────────────────────── Activity ───────────────────────────── ││                                              │
│   ✓ workspace booted                                                 ││                                              │
│                                                                      ││                                              │
│                                                                      ││                                              │
│                                                                      ││                                              │
│                                                                      ││                                              │
│                                                                      ││                                              │
│                                                                      ││                                              │
│                                                                      ││                                              │
│                                                                      ││                                              │
│                                                                      ││                                              │
│                                                                      ││                                              │
│                                                                      ││                                              │
╰──────────────────────────────────────────────────────────────────────╯╰──────────────────────────────────────────────╯
 ○  disconnected  ·  Frank  ·  M/main  ·  snapshot  ·  Hidden panes: sidebar hidden (1 or :focus sidebar) 
Help: j/k navigate · Enter open task · : commands · ? help
