### L board
⚠ DEGRADED MODE: upstream dependency unavailable or stale. Recovery: verify connectivity and allow replay resync.
╭──────────────────────────╮╭──────────────────────────────────────────────────────────────────────────────╮╭──────────────────────────────────────────────────╮
│ INBOX                    ││ DASHBOARD                                                                    ││ General / Frank  ·  [task] [project] [org]       │
│ ──────────────────────   ││ ──────────────────────────────────────────────────────────────────────────── ││ ──────────────────────────────────────────────── │
│ ▾ CHATS                  ││                                                                              ││                                                  │
│   Frank / General ✓      ││ Task Board                                                                   ││                 no messages yet                  │
│ ──────────────────────   ││ TODO (1)                IN PROGRESS (1)         DONE (0)                     ││            Tab·focus chat  Enter·send            │
│ ▾ PROJECTS               ││ ──────────────────────  ──────────────────────  ──────────────────────       ││                                                  │
│                          ││   Launch docs            CI hardening                                        ││ ╭────────────────────────────────────────────╮   │
│                          ││                                                                              ││ │ type a message...                          │   │
│                          ││ ───────────────────────────────── Activity ───────────────────────────────── ││ ╰────────────────────────────────────────────╯   │
│                          ││   ✓ workspace booted                                                         ││                                                  │
│                          ││                                                                              ││                                                  │
│                          ││                                                                              ││                                                  │
│                          ││                                                                              ││                                                  │
│                          ││                                                                              ││                                                  │
│                          ││                                                                              ││                                                  │
│                          ││                                                                              ││                                                  │
│                          ││                                                                              ││                                                  │
│                          ││                                                                              ││                                                  │
│                          ││                                                                              ││                                                  │
│                          ││                                                                              ││                                                  │
│                          ││                                                                              ││                                                  │
│                          ││                                                                              ││                                                  │
│                          ││                                                                              ││                                                  │
│                          ││                                                                              ││                                                  │
│                          ││                                                                              ││                                                  │
│                          ││                                                                              ││                                                  │
│                          ││                                                                              ││                                                  │
│                          ││                                                                              ││                                                  │
│                          ││                                                                              ││                                                  │
╰──────────────────────────╯╰──────────────────────────────────────────────────────────────────────────────╯╰──────────────────────────────────────────────────╯
 ○  disconnected  ·  Frank  ·  L/main  ·  snapshot                                                                                                              
Help: j/k navigate · Enter open task · s toggle sidebar · : commands · ? help

### L chat
⚠ DEGRADED MODE: upstream dependency unavailable or stale. Recovery: verify connectivity and allow replay resync.
╭──────────────────────────╮╭──────────────────────────────────────────────────────────────────────────────╮╭──────────────────────────────────────────────────╮
│ INBOX                    ││ DASHBOARD                                                                    ││ General / Frank  ·  [task] [project] [org]       │
│ ──────────────────────   ││ ──────────────────────────────────────────────────────────────────────────── ││ ──────────────────────────────────────────────── │
│ ▾ CHATS                  ││                                                                              ││                                                  │
│   Frank / General ✓      ││ Task Board                                                                   ││                 no messages yet                  │
│ ──────────────────────   ││ TODO (1)                IN PROGRESS (1)         DONE (0)                     ││            Tab·focus chat  Enter·send            │
│ ▾ PROJECTS               ││ ──────────────────────  ──────────────────────  ──────────────────────       ││                                                  │
│                          ││   Launch docs            CI hardening                                        ││ ╭────────────────────────────────────────────╮   │
│                          ││                                                                              ││ │ type a message...                          │   │
│                          ││ ───────────────────────────────── Activity ───────────────────────────────── ││ ╰────────────────────────────────────────────╯   │
│                          ││   ✓ workspace booted                                                         ││                                                  │
│                          ││                                                                              ││                                                  │
│                          ││                                                                              ││                                                  │
│                          ││                                                                              ││                                                  │
│                          ││                                                                              ││                                                  │
│                          ││                                                                              ││                                                  │
│                          ││                                                                              ││                                                  │
│                          ││                                                                              ││                                                  │
│                          ││                                                                              ││                                                  │
│                          ││                                                                              ││                                                  │
│                          ││                                                                              ││                                                  │
│                          ││                                                                              ││                                                  │
│                          ││                                                                              ││                                                  │
│                          ││                                                                              ││                                                  │
│                          ││                                                                              ││                                                  │
│                          ││                                                                              ││                                                  │
│                          ││                                                                              ││                                                  │
│                          ││                                                                              ││                                                  │
│                          ││                                                                              ││                                                  │
│                          ││                                                                              ││                                                  │
╰──────────────────────────╯╰──────────────────────────────────────────────────────────────────────────────╯╰──────────────────────────────────────────────────╯
 ○  disconnected  ·  Frank  ·  L/main  ·  snapshot                                                                                                              
Help: j/k navigate · Enter open task · s toggle sidebar · : commands · ? help

### L inbox
⚠ DEGRADED MODE: upstream dependency unavailable or stale. Recovery: verify connectivity and allow replay resync.
╭──────────────────────────╮╭──────────────────────────────────────────────────────────────────────────────╮╭──────────────────────────────────────────────────╮
│ INBOX                    ││ DASHBOARD                                                                    ││ General / Frank  ·  [task] [project] [org]       │
│ ──────────────────────   ││ ──────────────────────────────────────────────────────────────────────────── ││ ──────────────────────────────────────────────── │
│ ▾ CHATS                  ││                                                                              ││                                                  │
│   Frank / General ✓      ││ Task Board                                                                   ││                 no messages yet                  │
│ ──────────────────────   ││ TODO (1)                IN PROGRESS (1)         DONE (0)                     ││            Tab·focus chat  Enter·send            │
│ ▾ PROJECTS               ││ ──────────────────────  ──────────────────────  ──────────────────────       ││                                                  │
│                          ││   Launch docs            CI hardening                                        ││ ╭────────────────────────────────────────────╮   │
│                          ││                                                                              ││ │ type a message...                          │   │
│                          ││ ───────────────────────────────── Activity ───────────────────────────────── ││ ╰────────────────────────────────────────────╯   │
│                          ││   ✓ workspace booted                                                         ││                                                  │
│                          ││                                                                              ││                                                  │
│                          ││                                                                              ││                                                  │
│                          ││                                                                              ││                                                  │
│                          ││                                                                              ││                                                  │
│                          ││                                                                              ││                                                  │
│                          ││                                                                              ││                                                  │
│                          ││                                                                              ││                                                  │
│                          ││                                                                              ││                                                  │
│                          ││                                                                              ││                                                  │
│                          ││                                                                              ││                                                  │
│                          ││                                                                              ││                                                  │
│                          ││                                                                              ││                                                  │
│                          ││                                                                              ││                                                  │
│                          ││                                                                              ││                                                  │
│                          ││                                                                              ││                                                  │
│                          ││                                                                              ││                                                  │
│                          ││                                                                              ││                                                  │
│                          ││                                                                              ││                                                  │
│                          ││                                                                              ││                                                  │
╰──────────────────────────╯╰──────────────────────────────────────────────────────────────────────────────╯╰──────────────────────────────────────────────────╯
 ○  disconnected  ·  Frank  ·  L/main  ·  snapshot                                                                                                              
Help: j/k navigate · Enter open task · s toggle sidebar · : commands · ? help
