### L dashboard
view=dashboard size=L tasks(queued=0,in_progress=0,done=0,blocked=0,review=0) inbox=0

### L project
view=project size=L projects=0 selected_session=session-org-general

### L task
view=task size=L task=none

### L inbox
view=inbox size=L empty

### L activity
view=activity size=L entries=1 last=workspace initialized

### L agents
view=agents size=L count=0

### L merges
view=merges size=L count=0

### L schedules
view=schedules size=L count=0
