### M dashboard
view=dashboard size=M tasks(queued=0,in_progress=0,done=0,blocked=0,review=0) inbox=0

### M project
view=project size=M projects=0 selected_session=session-org-general

### M task
view=task size=M task=none

### M inbox
view=inbox size=M empty

### M activity
view=activity size=M entries=1 last=workspace initialized

### M agents
view=agents size=M count=0

### M merges
view=merges size=M count=0

### M schedules
view=schedules size=M count=0
